// Jest Snapshot v1, https://goo.gl/fbAQLP

exports[`should match snapshot 1`] = `
<DocumentFragment>
  <div
    id="win"
  >
    You Win!!
  </div>
</DocumentFragment>
`;
